I'm sorry, but errors were detected in your script. Please correct the
errors listed below, and try again.


File "game/script.rpy", line 17: expected 'image_name_component' not found.
    show "images/sprites/Juliet_default"
         ^

Ren'Py Version: Ren'Py 8.1.3.23091805
Tue May 21 22:31:03 2024
